c:\temp\spout-v04\build\spoutmasksenderdx11_vs\spoutmasksenderdx11.dir\release\spoutcopy.obj
c:\temp\spout-v04\build\spoutmasksenderdx11_vs\spoutmasksenderdx11.dir\release\spoutsendernames.obj
c:\temp\spout-v04\build\spoutmasksenderdx11_vs\spoutmasksenderdx11.dir\release\spoutsharedmemory.obj
c:\temp\spout-v04\build\spoutmasksenderdx11_vs\spoutmasksenderdx11.dir\release\spoututils.obj
c:\temp\spout-v04\build\spoutmasksenderdx11_vs\spoutmasksenderdx11.dir\release\spoutdirectx.obj
c:\temp\spout-v04\build\spoutmasksenderdx11_vs\spoutmasksenderdx11.dir\release\spoutdx.obj
c:\temp\spout-v04\build\spoutmasksenderdx11_vs\spoutmasksenderdx11.dir\release\spoutframecount_fix.obj
c:\temp\spout-v04\build\spoutmasksenderdx11_vs\spoutmasksenderdx11.dir\release\main.obj
c:\temp\spout-v04\build\spoutmasksenderdx11_vs\cmakefiles\generate.stamp
c:\temp\spout-v04\build\spoutmasksenderdx11_vs\release\spoutmasksenderdx11.exe
c:\temp\spout-v04\build\spoutmasksenderdx11_vs\spoutmasksenderdx11.dir\release\spoutmas.d44920da.tlog\cl.command.1.tlog
c:\temp\spout-v04\build\spoutmasksenderdx11_vs\spoutmasksenderdx11.dir\release\spoutmas.d44920da.tlog\cl.items.tlog
c:\temp\spout-v04\build\spoutmasksenderdx11_vs\spoutmasksenderdx11.dir\release\spoutmas.d44920da.tlog\cl.read.1.tlog
c:\temp\spout-v04\build\spoutmasksenderdx11_vs\spoutmasksenderdx11.dir\release\spoutmas.d44920da.tlog\cl.write.1.tlog
c:\temp\spout-v04\build\spoutmasksenderdx11_vs\spoutmasksenderdx11.dir\release\spoutmas.d44920da.tlog\custombuild.command.1.tlog
c:\temp\spout-v04\build\spoutmasksenderdx11_vs\spoutmasksenderdx11.dir\release\spoutmas.d44920da.tlog\custombuild.read.1.tlog
c:\temp\spout-v04\build\spoutmasksenderdx11_vs\spoutmasksenderdx11.dir\release\spoutmas.d44920da.tlog\custombuild.write.1.tlog
c:\temp\spout-v04\build\spoutmasksenderdx11_vs\spoutmasksenderdx11.dir\release\spoutmas.d44920da.tlog\link.command.1.tlog
c:\temp\spout-v04\build\spoutmasksenderdx11_vs\spoutmasksenderdx11.dir\release\spoutmas.d44920da.tlog\link.read.1.tlog
c:\temp\spout-v04\build\spoutmasksenderdx11_vs\spoutmasksenderdx11.dir\release\spoutmas.d44920da.tlog\link.secondary.1.tlog
c:\temp\spout-v04\build\spoutmasksenderdx11_vs\spoutmasksenderdx11.dir\release\spoutmas.d44920da.tlog\link.write.1.tlog
