c:\ml\spout2\spoutsdk\spoutdirectx\spoutdx\windows\bridge\winspoutdxbridge\x64\release\vc143.pdb
c:\ml\spout2\spoutsdk\spoutdirectx\spoutdx\windows\bridge\winspoutdxbridge\x64\release\spoutdx.obj
c:\ml\spout2\spoutsdk\spoutdirectx\spoutdx\windows\bridge\winspoutdxbridge\x64\release\spoututils.obj
c:\ml\spout2\spoutsdk\spoutdirectx\spoutdx\windows\bridge\winspoutdxbridge\x64\release\spoutsharedmemory.obj
c:\ml\spout2\spoutsdk\spoutdirectx\spoutdx\windows\bridge\winspoutdxbridge\x64\release\spoutsendernames.obj
c:\ml\spout2\spoutsdk\spoutdirectx\spoutdx\windows\bridge\winspoutdxbridge\x64\release\spoutframecount.obj
c:\ml\spout2\spoutsdk\spoutdirectx\spoutdx\windows\bridge\winspoutdxbridge\x64\release\spoutdirectx.obj
c:\ml\spout2\spoutsdk\spoutdirectx\spoutdx\windows\bridge\winspoutdxbridge\x64\release\spoutcopy.obj
c:\ml\spout2\spoutsdk\spoutdirectx\spoutdx\windows\bridge\winspoutdxbridge\x64\release\bridgemain.obj
c:\ml\spout2\spoutsdk\spoutdirectx\spoutdx\windows\bridge\x64\release\winspoutdxbridge.exe
c:\ml\spout2\spoutsdk\spoutdirectx\spoutdx\windows\bridge\x64\release\winspoutdxbridge.pdb
c:\ml\spout2\spoutsdk\spoutdirectx\spoutdx\windows\bridge\winspoutdxbridge\x64\release\winspoutdxbridge.iobj
c:\ml\spout2\spoutsdk\spoutdirectx\spoutdx\windows\bridge\winspoutdxbridge\x64\release\winspoutdxbridge.tlog\cl.command.1.tlog
c:\ml\spout2\spoutsdk\spoutdirectx\spoutdx\windows\bridge\winspoutdxbridge\x64\release\winspoutdxbridge.tlog\cl.items.tlog
c:\ml\spout2\spoutsdk\spoutdirectx\spoutdx\windows\bridge\winspoutdxbridge\x64\release\winspoutdxbridge.tlog\cl.read.1.tlog
c:\ml\spout2\spoutsdk\spoutdirectx\spoutdx\windows\bridge\winspoutdxbridge\x64\release\winspoutdxbridge.tlog\cl.write.1.tlog
c:\ml\spout2\spoutsdk\spoutdirectx\spoutdx\windows\bridge\winspoutdxbridge\x64\release\winspoutdxbridge.tlog\link.command.1.tlog
c:\ml\spout2\spoutsdk\spoutdirectx\spoutdx\windows\bridge\winspoutdxbridge\x64\release\winspoutdxbridge.tlog\link.read.1.tlog
c:\ml\spout2\spoutsdk\spoutdirectx\spoutdx\windows\bridge\winspoutdxbridge\x64\release\winspoutdxbridge.tlog\link.secondary.1.tlog
c:\ml\spout2\spoutsdk\spoutdirectx\spoutdx\windows\bridge\winspoutdxbridge\x64\release\winspoutdxbridge.tlog\link.write.1.tlog
